2026-06-09 11:33:47, MOVE, v:1, k:ed@lista_d1, mode:DOWN
2026-06-09 11:33:48, MOVE, v:1, k:ed@lista_d1, mode:PICK
2026-06-09 11:35:43, MOVE, v:1, k:ed@lista_d1, mode:BACK
2026-06-09 11:36:11, MOVE, v:1, k:ed@controlz, mode:DOWN
2026-06-09 11:36:13, MOVE, v:1, k:ed@controlz, mode:PICK
2026-06-09 11:33:47, MOVE, v:1, k:ed@lista_d1, mode:EDIT
2026-06-09 11:33:47, MOVE, v:1, k:ed@lista_d1, mode:EDIT
2026-06-09 11:36:11, MOVE, v:1, k:ed@controlz, mode:EDIT
2026-06-09 11:36:11, MOVE, v:1, k:ed@controlz, mode:EDIT
2026-06-09 11:36:11, MOVE, v:1, k:ed@controlz, mode:EDIT
2026-06-09 11:39:42, MOVE, v:1, k:ed@controlz, mode:BACK
2026-06-09 11:39:56, MOVE, v:1, k:ed@editor, mode:DOWN
2026-06-09 11:39:57, MOVE, v:1, k:ed@editor, mode:PICK
2026-06-09 11:39:56, MOVE, v:1, k:ed@editor, mode:EDIT
2026-06-09 11:39:56, MOVE, v:1, k:ed@editor, mode:EDIT
2026-06-09 12:02:53, MOVE, v:1, k:ed@editor, mode:EDIT
2026-06-09 12:07:43, MOVE, v:1, k:ed@editor, mode:EDIT
2026-06-09 12:12:37, MOVE, v:1, k:ed@editor, mode:EDIT
2026-06-09 12:17:54, MOVE, v:1, k:ed@editor, mode:EDIT
2026-06-09 12:18:34, EXEC, v:1, k:ed@editor, mode:FULL, rate:100, size:70
2026-06-09 12:18:38, MOVE, v:1, k:ed@editor, mode:BACK
2026-06-09 12:19:10, SELF, v:1, k:ed@editor, self:1, rate:100, study:30, concept:1
2026-06-09 12:20:53, MOVE, v:1, k:ed@prin_list2, mode:DOWN
2026-06-09 12:20:55, MOVE, v:1, k:ed@prin_list2, mode:PICK
2026-06-09 12:20:53, MOVE, v:1, k:ed@prin_list2, mode:EDIT
2026-06-09 12:20:53, MOVE, v:1, k:ed@prin_list2, mode:EDIT
2026-06-09 12:20:53, MOVE, v:1, k:ed@prin_list2, mode:EDIT
2026-06-09 12:28:49, MOVE, v:1, k:ed@prin_list2, mode:EDIT
2026-06-09 12:31:00, EXEC, v:1, k:ed@prin_list2, mode:FULL, rate:0, size:65
2026-06-09 12:33:39, MOVE, v:1, k:ed@prin_list2, mode:EDIT
2026-06-09 12:31:00, MOVE, v:1, k:ed@prin_list2, mode:EDIT
2026-06-09 12:34:13, EXEC, v:1, k:ed@prin_list2, mode:FULL, rate:0, size:73
2026-06-09 12:35:52, EXEC, v:1, k:ed@prin_list2, mode:FULL, rate:0, size:73
2026-06-09 12:36:00, EXEC, v:1, k:ed@prin_list2, mode:FULL, rate:100, size:73
2026-06-09 12:36:05, MOVE, v:1, k:ed@prin_list2, mode:BACK
2026-06-09 12:36:31, SELF, v:1, k:ed@prin_list2, self:1, rate:100, study:15, concept:1
2026-06-09 12:48:03, MOVE, v:1, k:ed@dfs_read, mode:DOWN
2026-06-09 12:48:04, MOVE, v:1, k:ed@dfs_read, mode:PICK
2026-06-09 12:48:33, MOVE, v:1, k:ed@dfs_read, mode:BACK
2026-06-09 12:49:04, MOVE, v:1, k:ed@ilhas, mode:DOWN
2026-06-09 12:49:05, MOVE, v:1, k:ed@ilhas, mode:PICK
2026-06-09 12:48:03, MOVE, v:1, k:ed@dfs_read, mode:EDIT
2026-06-09 12:48:03, MOVE, v:1, k:ed@dfs_read, mode:EDIT
2026-06-09 12:49:04, MOVE, v:1, k:ed@ilhas, mode:EDIT
2026-06-09 12:49:04, MOVE, v:1, k:ed@ilhas, mode:EDIT
2026-06-09 12:49:04, MOVE, v:1, k:ed@ilhas, mode:EDIT
2026-06-09 13:16:45, MOVE, v:1, k:ed@ilhas, mode:EDIT
2026-06-09 13:18:22, EXEC, v:1, k:ed@ilhas, mode:FULL, rate:100, size:60
2026-06-09 13:18:27, MOVE, v:1, k:ed@ilhas, mode:BACK
2026-06-09 13:18:45, SELF, v:1, k:ed@ilhas, self:1, rate:100, study:25, concept:1
2026-06-09 13:19:47, MOVE, v:1, k:ed@cercado, mode:DOWN
2026-06-09 13:19:53, MOVE, v:1, k:ed@cercado, mode:PICK
2026-06-09 13:19:47, MOVE, v:1, k:ed@cercado, mode:EDIT
2026-06-09 13:19:47, MOVE, v:1, k:ed@cercado, mode:EDIT
2026-06-09 13:19:47, MOVE, v:1, k:ed@cercado, mode:EDIT
2026-06-09 13:28:30, MOVE, v:1, k:ed@cercado, mode:EDIT
2026-06-09 13:32:39, EXEC, v:1, k:ed@cercado, mode:FULL, rate:33, size:67
2026-06-09 13:32:32, MOVE, v:1, k:ed@cercado, mode:EDIT
2026-06-09 13:32:39, MOVE, v:1, k:ed@cercado, mode:EDIT
2026-06-09 13:39:32, EXEC, v:1, k:ed@cercado, mode:FULL, size:67, fail:COMP
2026-06-09 13:39:51, EXEC, v:1, k:ed@cercado, mode:FULL, size:67, fail:COMP
2026-06-09 13:40:57, EXEC, v:1, k:ed@cercado, mode:FULL, rate:100, size:67
2026-06-09 13:41:06, MOVE, v:1, k:ed@cercado, mode:BACK
2026-06-09 13:41:32, SELF, v:1, k:ed@cercado, self:1, rate:100, study:21, concept:1, problem:1
2026-06-09 13:42:13, SELF, v:1, k:ed@cercado, self:1, rate:100, study:21, concept:1
