2026-05-19 10:14:29, MOVE, v:1, k:ed@vetbuild, mode:DOWN
2026-05-19 10:14:31, MOVE, v:1, k:ed@vetbuild, mode:PICK
2026-05-19 10:14:29, MOVE, v:1, k:ed@vetbuild, mode:EDIT
2026-05-19 10:14:29, MOVE, v:1, k:ed@vetbuild, mode:EDIT
2026-05-19 10:14:29, MOVE, v:1, k:ed@vetbuild, mode:EDIT
2026-05-19 10:14:29, MOVE, v:1, k:ed@vetbuild, mode:EDIT
2026-05-19 10:16:17, MOVE, v:1, k:ed@vetbuild, mode:BACK
2026-05-19 10:17:28, MOVE, v:1, k:ed@vetbuild, mode:PICK
2026-05-19 10:23:32, MOVE, v:1, k:ed@vetbuild, mode:BACK
2026-05-19 10:23:46, MOVE, v:1, k:ed@setbuild, mode:DOWN
2026-05-19 10:23:52, MOVE, v:1, k:ed@setbuild, mode:PICK
2026-05-19 10:23:46, MOVE, v:1, k:ed@setbuild, mode:EDIT
2026-05-19 10:23:46, MOVE, v:1, k:ed@setbuild, mode:EDIT
2026-05-19 10:23:46, MOVE, v:1, k:ed@setbuild, mode:EDIT
2026-05-19 10:23:46, MOVE, v:1, k:ed@setbuild, mode:EDIT
2026-05-19 10:34:41, MOVE, v:1, k:ed@setbuild, mode:EDIT
2026-05-19 10:39:04, MOVE, v:1, k:ed@setbuild, mode:EDIT
2026-05-19 10:42:54, MOVE, v:1, k:ed@setbuild, mode:EDIT
2026-05-19 10:49:37, MOVE, v:1, k:ed@setbuild, mode:EDIT
2026-05-19 10:54:41, MOVE, v:1, k:ed@setbuild, mode:EDIT
2026-05-19 10:59:42, MOVE, v:1, k:ed@setbuild, mode:EDIT
2026-05-19 11:04:43, MOVE, v:1, k:ed@setbuild, mode:EDIT
2026-05-19 11:09:01, MOVE, v:1, k:ed@setbuild, mode:EDIT
2026-05-19 11:11:46, EXEC, v:1, k:ed@setbuild, mode:FULL, size:153, fail:COMP
2026-05-19 11:12:01, EXEC, v:1, k:ed@setbuild, mode:FULL, fail:COMP
2026-05-19 11:13:04, EXEC, v:1, k:ed@setbuild, mode:FULL, rate:0, size:153
2026-05-19 11:12:59, MOVE, v:1, k:ed@setbuild, mode:EDIT
2026-05-19 11:13:04, MOVE, v:1, k:ed@setbuild, mode:EDIT
2026-05-19 11:19:19, MOVE, v:1, k:ed@setbuild, mode:EDIT
2026-05-19 11:23:15, EXEC, v:1, k:ed@setbuild, mode:FULL, rate:100, size:158
2026-05-19 11:23:31, MOVE, v:1, k:ed@setbuild, mode:BACK
2026-05-19 11:24:05, SELF, v:1, k:ed@setbuild, self:1, rate:100, study:59, concept:1, problem:1
2026-05-19 11:26:42, SELF, v:1, k:ed@setbuild, self:1, rate:100, study:59, concept:1
