2026-05-10 23:24:41, MOVE, v:1, k:ed@wordsearch, mode:PICK
2026-05-10 23:25:32, MOVE, v:1, k:ed@wordsearch, mode:BACK
2026-05-10 23:25:35, MOVE, v:1, k:ed@subset_sum, mode:DOWN
2026-05-10 23:25:52, MOVE, v:1, k:ed@subset_sum, mode:PICK
2026-05-10 23:25:35, MOVE, v:1, k:ed@subset_sum, mode:EDIT
2026-05-10 23:25:35, MOVE, v:1, k:ed@subset_sum, mode:EDIT
2026-05-10 23:25:35, MOVE, v:1, k:ed@subset_sum, mode:EDIT
2026-05-10 23:38:47, MOVE, v:1, k:ed@subset_sum, mode:EDIT
2026-05-10 23:43:53, MOVE, v:1, k:ed@subset_sum, mode:EDIT
2026-05-10 23:45:04, EXEC, v:1, k:ed@subset_sum, mode:FULL, size:30, fail:COMP
2026-05-10 23:46:12, MOVE, v:1, k:ed@subset_sum, mode:PICK
2026-05-10 23:46:13, EXEC, v:1, k:ed@subset_sum, mode:FULL, fail:COMP
2026-05-10 23:47:41, EXEC, v:1, k:ed@subset_sum, mode:FULL, size:34, fail:COMP
2026-05-10 23:48:13, EXEC, v:1, k:ed@subset_sum, mode:FULL, rate:50, size:34
2026-05-10 23:50:11, MOVE, v:1, k:ed@subset_sum, mode:EDIT
2026-05-10 23:48:13, MOVE, v:1, k:ed@subset_sum, mode:EDIT
2026-05-10 23:51:24, EXEC, v:1, k:ed@subset_sum, mode:FULL, rate:100, size:36
2026-05-10 23:51:30, MOVE, v:1, k:ed@subset_sum, mode:BACK
2026-05-10 23:52:02, SELF, v:1, k:ed@subset_sum, self:1, rate:100, concept:1
2026-05-10 23:52:37, MOVE, v:1, k:ed@distancia, mode:DOWN
2026-05-10 23:52:39, MOVE, v:1, k:ed@distancia, mode:PICK
2026-05-10 23:52:53, MOVE, v:1, k:ed@distancia, mode:BACK
2026-05-10 23:54:44, MOVE, v:1, k:ed@distancia, mode:PICK
2026-05-10 23:52:37, MOVE, v:1, k:ed@distancia, mode:EDIT
2026-05-10 23:52:37, MOVE, v:1, k:ed@distancia, mode:EDIT
2026-05-10 23:56:45, MOVE, v:1, k:ed@distancia, mode:EDIT
