2026-06-13 01:07:38, MOVE, v:1, k:ed@magicsearch, mode:DOWN
2026-06-13 01:07:40, MOVE, v:1, k:ed@magicsearch, mode:PICK
2026-06-13 01:07:42, EXEC, v:1, k:ed@magicsearch, mode:FULL, rate:30, size:30
2026-06-13 01:07:51, MOVE, v:1, k:ed@magicsearch, mode:BACK
2026-06-13 01:07:52, MOVE, v:1, k:ed@magicsearch, mode:PICK
2026-06-13 01:07:38, MOVE, v:1, k:ed@magicsearch, mode:EDIT
2026-06-13 01:07:38, MOVE, v:1, k:ed@magicsearch, mode:EDIT
2026-06-13 01:11:58, MOVE, v:1, k:ed@magicsearch, mode:EDIT
2026-06-13 01:07:42, MOVE, v:1, k:ed@magicsearch, mode:EDIT
2026-06-13 01:12:46, EXEC, v:1, k:ed@magicsearch, mode:FULL, rate:100, size:51
2026-06-13 01:12:54, MOVE, v:1, k:ed@magicsearch, mode:BACK
2026-06-13 01:13:34, SELF, v:1, k:ed@magicsearch, self:1, rate:100, concept:1, problem:1, refactor:1
2026-06-13 01:13:44, MOVE, v:1, k:ed@iterador, mode:DOWN
2026-06-13 01:13:47, MOVE, v:1, k:ed@iterador, mode:PICK
2026-06-13 01:16:01, EXEC, v:1, k:ed@iterador, mode:FULL, rate:33, size:82
2026-06-13 01:16:38, EXEC, v:1, k:ed@iterador, mode:FULL, rate:33, size:82
2026-06-13 01:13:44, MOVE, v:1, k:ed@iterador, mode:EDIT
2026-06-13 01:13:44, MOVE, v:1, k:ed@iterador, mode:EDIT
2026-06-13 01:13:44, MOVE, v:1, k:ed@iterador, mode:EDIT
2026-06-13 01:17:52, MOVE, v:1, k:ed@iterador, mode:EDIT
2026-06-13 01:16:38, MOVE, v:1, k:ed@iterador, mode:EDIT
2026-06-13 01:22:27, EXEC, v:1, k:ed@iterador, mode:FULL, size:91, fail:COMP
2026-06-13 01:22:45, MOVE, v:1, k:ed@iterador, mode:EDIT
2026-06-13 01:26:02, EXEC, v:1, k:ed@iterador, mode:FULL, rate:66, size:102
2026-06-13 01:27:56, MOVE, v:1, k:ed@iterador, mode:EDIT
2026-06-13 01:26:02, MOVE, v:1, k:ed@iterador, mode:EDIT
2026-06-13 01:30:24, EXEC, v:1, k:ed@iterador, mode:FULL, rate:100, size:123
2026-06-13 01:30:27, MOVE, v:1, k:ed@iterador, mode:BACK
2026-06-13 01:30:55, SELF, v:1, k:ed@magicsearch, self:1, rate:100, study:5, concept:1, problem:1, refactor:1
2026-06-13 01:31:26, SELF, v:1, k:ed@iterador, self:1, rate:100, study:16, concept:1
2026-06-13 19:30:05, MOVE, v:1, k:ed@lista_d1, mode:PICK
2026-06-13 19:30:44, MOVE, v:1, k:ed@lista_d1, mode:EDIT
2026-06-13 19:36:49, MOVE, v:1, k:ed@lista_d1, mode:EDIT
2026-06-13 19:42:50, MOVE, v:1, k:ed@lista_d1, mode:EDIT
2026-06-13 19:47:50, MOVE, v:1, k:ed@lista_d1, mode:EDIT
2026-06-13 19:51:45, MOVE, v:1, k:ed@lista_d1, mode:EDIT
2026-06-13 19:56:31, MOVE, v:1, k:ed@lista_d1, mode:EDIT
2026-06-13 20:02:49, MOVE, v:1, k:ed@lista_d1, mode:EDIT
2026-06-13 20:03:10, EXEC, v:1, k:ed@lista_d1, mode:FULL, rate:0, size:125
2026-06-13 20:03:10, EXEC, v:1, k:ed@lista_d1, mode:FULL, rate:0, size:125
2026-06-13 20:03:16, EXEC, v:1, k:ed@lista_d1, mode:FULL, rate:0, size:125
2026-06-13 20:03:23, EXEC, v:1, k:ed@lista_d1, mode:FULL, rate:0, size:125
2026-06-13 20:07:53, MOVE, v:1, k:ed@lista_d1, mode:EDIT
2026-06-13 20:03:23, MOVE, v:1, k:ed@lista_d1, mode:EDIT
2026-06-13 20:09:57, EXEC, v:1, k:ed@lista_d1, mode:FULL, rate:14, size:148
2026-06-13 20:10:01, EXEC, v:1, k:ed@lista_d1, mode:FULL, rate:14, size:148
2026-06-13 20:10:12, EXEC, v:1, k:ed@lista_d1, mode:FULL, rate:42, size:148
2026-06-13 20:10:21, EXEC, v:1, k:ed@lista_d1, mode:FULL, rate:100, size:148
2026-06-13 20:10:29, MOVE, v:1, k:ed@lista_d1, mode:BACK
2026-06-13 20:10:52, SELF, v:1, k:ed@lista_d1, self:1, rate:100, study:42, concept:1, problem:1, refactor:1
2026-06-13 20:51:18, MOVE, v:1, k:ed@lista_d1, mode:PICK
2026-06-13 20:53:17, MOVE, v:1, k:ed@lista_d1, mode:BACK
2026-06-13 21:59:35, MOVE, v:1, k:ed@lista_d2, mode:DOWN
2026-06-13 21:59:36, MOVE, v:1, k:ed@lista_d2, mode:PICK
2026-06-13 21:59:35, MOVE, v:1, k:ed@lista_d2, mode:EDIT
2026-06-13 21:59:35, MOVE, v:1, k:ed@lista_d2, mode:EDIT
2026-06-13 21:59:35, MOVE, v:1, k:ed@lista_d2, mode:EDIT
2026-06-13 21:59:35, MOVE, v:1, k:ed@lista_d2, mode:EDIT
2026-06-13 22:05:11, MOVE, v:1, k:ed@lista_d2, mode:BACK
2026-06-13 22:05:28, MOVE, v:1, k:ed@lista_d2, mode:PICK
2026-06-13 22:10:18, MOVE, v:1, k:ed@lista_d2, mode:EDIT
2026-06-13 22:15:19, MOVE, v:1, k:ed@lista_d2, mode:EDIT
2026-06-13 22:20:11, EXEC, v:1, k:ed@lista_d2, mode:FULL, size:165, fail:COMP
2026-06-13 22:20:11, MOVE, v:1, k:ed@lista_d2, mode:EDIT
2026-06-13 22:25:14, MOVE, v:1, k:ed@lista_d2, mode:EDIT
2026-06-13 22:30:17, MOVE, v:1, k:ed@lista_d2, mode:EDIT
2026-06-13 22:35:14, MOVE, v:1, k:ed@lista_d2, mode:EDIT
2026-06-13 22:35:26, EXEC, v:1, k:ed@lista_d2, mode:FULL, size:222, fail:COMP
2026-06-13 22:37:08, EXEC, v:1, k:ed@lista_d2, mode:FULL, rate:0, size:222
2026-06-13 22:37:12, EXEC, v:1, k:ed@lista_d2, mode:FULL, rate:0, size:222
2026-06-13 22:37:23, EXEC, v:1, k:ed@lista_d2, mode:FULL, size:222, fail:COMP
2026-06-13 22:37:41, EXEC, v:1, k:ed@lista_d2, mode:FULL, rate:0, size:222
2026-06-13 22:37:45, EXEC, v:1, k:ed@lista_d2, mode:FULL, rate:0, size:222
2026-06-13 22:37:48, EXEC, v:1, k:ed@lista_d2, mode:FULL, size:222, fail:COMP
2026-06-13 22:40:11, EXEC, v:1, k:ed@lista_d2, mode:FULL, rate:0, size:228
2026-06-13 22:40:19, MOVE, v:1, k:ed@lista_d2, mode:EDIT
2026-06-13 22:40:11, MOVE, v:1, k:ed@lista_d2, mode:EDIT
2026-06-13 22:40:36, EXEC, v:1, k:ed@lista_d2, mode:FULL, rate:0, size:228
2026-06-13 22:41:01, EXEC, v:1, k:ed@lista_d2, mode:FULL, rate:0, size:228
2026-06-13 22:41:22, EXEC, v:1, k:ed@lista_d2, mode:FULL, rate:0, size:228
2026-06-13 22:41:21, MOVE, v:1, k:ed@lista_d2, mode:EDIT
2026-06-13 22:41:22, MOVE, v:1, k:ed@lista_d2, mode:EDIT
2026-06-13 22:56:33, EXEC, v:1, k:ed@lista_d2, mode:FULL, rate:0, size:228
2026-06-13 22:58:40, EXEC, v:1, k:ed@lista_d2, mode:FULL, rate:100, size:228
2026-06-13 22:58:45, MOVE, v:1, k:ed@lista_d2, mode:BACK
2026-06-13 22:59:15, SELF, v:1, k:ed@lista_d2, self:1, rate:100, study:59, concept:1, problem:1
2026-06-13 23:05:48, MOVE, v:1, k:ed@prin_list1, mode:DOWN
2026-06-13 23:05:50, MOVE, v:1, k:ed@prin_list1, mode:PICK
