2026-05-20 10:19:48, MOVE, v:1, k:ed@bettersearch, mode:DOWN
2026-05-20 10:19:53, MOVE, v:1, k:ed@bettersearch, mode:PICK
2026-05-20 10:19:48, MOVE, v:1, k:ed@bettersearch, mode:EDIT
2026-05-20 10:19:48, MOVE, v:1, k:ed@bettersearch, mode:EDIT
2026-05-20 10:29:57, MOVE, v:1, k:ed@bettersearch, mode:EDIT
2026-05-20 10:31:28, EXEC, v:1, k:ed@bettersearch, mode:FULL, rate:100, size:42
2026-05-20 10:31:39, EXEC, v:1, k:ed@bettersearch, mode:FULL, rate:100
2026-05-20 10:34:12, MOVE, v:1, k:ed@bettersearch, mode:EDIT
2026-05-20 10:31:38, MOVE, v:1, k:ed@bettersearch, mode:EDIT
2026-05-20 10:39:19, EXEC, v:1, k:ed@bettersearch, mode:FULL, size:45, fail:COMP
2026-05-20 10:39:44, MOVE, v:1, k:ed@bettersearch, mode:EDIT
2026-05-20 10:40:06, EXEC, v:1, k:ed@bettersearch, mode:FULL, rate:100, size:46
2026-05-20 10:41:01, MOVE, v:1, k:ed@bettersearch, mode:BACK
2026-05-20 10:42:32, SELF, v:1, k:ed@bettersearch, self:1, rate:100, study:22, concept:1, refactor:1
2026-05-20 10:46:17, MOVE, v:1, k:ed@vetbuild, mode:PICK
2026-05-20 10:47:25, MOVE, v:1, k:ed@vetbuild, mode:BACK
2026-05-20 10:47:31, MOVE, v:1, k:ed@setbuild, mode:PICK
2026-05-20 10:47:54, MOVE, v:1, k:ed@setbuild, mode:BACK
2026-05-20 10:48:15, MOVE, v:1, k:ed@vetbuild, mode:PICK
2026-05-20 10:58:19, MOVE, v:1, k:ed@vetbuild, mode:EDIT
2026-05-20 11:01:57, MOVE, v:1, k:ed@vetbuild, mode:EDIT
2026-05-20 11:16:24, MOVE, v:1, k:ed@vetbuild, mode:EDIT
2026-05-20 11:23:13, MOVE, v:1, k:ed@vetbuild, mode:EDIT
2026-05-20 11:28:33, MOVE, v:1, k:ed@vetbuild, mode:EDIT
2026-05-20 11:33:29, MOVE, v:1, k:ed@vetbuild, mode:EDIT
2026-05-20 11:38:33, MOVE, v:1, k:ed@vetbuild, mode:EDIT
2026-05-20 11:42:16, EXEC, v:1, k:ed@vetbuild, mode:FULL, size:172, fail:COMP
2026-05-20 11:42:41, EXEC, v:1, k:ed@vetbuild, mode:FULL, size:172, fail:COMP
2026-05-20 11:42:40, MOVE, v:1, k:ed@vetbuild, mode:EDIT
2026-05-20 12:26:23, MOVE, v:1, k:ed@vetbuild, mode:EDIT
2026-05-20 12:34:43, MOVE, v:1, k:ed@vetbuild, mode:EDIT
2026-05-20 12:37:23, EXEC, v:1, k:ed@vetbuild, mode:FULL, size:278, fail:COMP
2026-05-20 12:37:00, MOVE, v:1, k:ed@vetbuild, mode:EDIT
2026-05-20 12:41:05, EXEC, v:1, k:ed@vetbuild, mode:FULL, rate:9, size:279
2026-05-20 12:40:46, MOVE, v:1, k:ed@vetbuild, mode:EDIT
2026-05-20 12:41:05, MOVE, v:1, k:ed@vetbuild, mode:EDIT
2026-05-20 12:45:25, EXEC, v:1, k:ed@vetbuild, mode:FULL, rate:100, size:277
2026-05-20 12:45:32, MOVE, v:1, k:ed@vetbuild, mode:BACK
2026-05-20 12:46:01, SELF, v:1, k:ed@vetbuild, self:1, rate:100, study:2000, problem:1, refactor:1
2026-05-20 12:47:23, MOVE, v:1, k:ed@recursao, mode:DOWN
2026-05-20 12:47:25, MOVE, v:1, k:ed@recursao, mode:PICK
2026-05-20 12:47:39, MOVE, v:1, k:ed@recursao, mode:BACK
2026-05-20 12:47:44, SELF, v:1, k:ed@recursao, self:1
2026-05-20 12:47:59, MOVE, v:1, k:ed@recursao, mode:PICK
2026-05-20 12:48:09, MOVE, v:1, k:ed@recursao, mode:BACK
