2026-06-02 10:32:38, MOVE, v:1, k:ed@triangulo, mode:DOWN
2026-06-02 10:32:39, MOVE, v:1, k:ed@triangulo, mode:PICK
2026-06-02 10:32:44, MOVE, v:1, k:ed@triangulo, mode:EDIT
2026-06-02 10:32:38, MOVE, v:1, k:ed@triangulo, mode:EDIT
2026-06-02 10:55:48, MOVE, v:1, k:ed@triangulo, mode:EDIT
2026-06-02 10:59:42, MOVE, v:1, k:ed@triangulo, mode:EDIT
2026-06-02 11:01:34, EXEC, v:1, k:ed@triangulo, mode:FULL, rate:100, size:58
2026-06-02 11:01:34, MOVE, v:1, k:ed@triangulo, mode:EDIT
2026-06-02 11:02:45, MOVE, v:1, k:ed@triangulo, mode:EDIT
2026-06-02 11:07:31, MOVE, v:1, k:ed@triangulo, mode:BACK
2026-06-02 11:07:52, SELF, v:1, k:ed@triangulo, self:1, rate:100, study:30, concept:1, problem:1
2026-06-02 17:55:00, MOVE, v:1, k:ed@treinando, mode:DOWN
2026-06-02 17:55:01, MOVE, v:1, k:ed@treinando, mode:PICK
2026-06-02 17:55:00, MOVE, v:1, k:ed@treinando, mode:EDIT
2026-06-02 17:55:00, MOVE, v:1, k:ed@treinando, mode:EDIT
2026-06-02 17:55:00, MOVE, v:1, k:ed@treinando, mode:EDIT
2026-06-02 18:00:31, MOVE, v:1, k:ed@treinando, mode:EDIT
2026-06-02 18:02:52, EXEC, v:1, k:ed@treinando, mode:FULL, rate:16, size:92
2026-06-02 18:05:47, MOVE, v:1, k:ed@treinando, mode:EDIT
2026-06-02 18:02:52, MOVE, v:1, k:ed@treinando, mode:EDIT
2026-06-02 18:09:25, EXEC, v:1, k:ed@treinando, mode:FULL, rate:33, size:100
2026-06-02 18:09:00, MOVE, v:1, k:ed@treinando, mode:EDIT
2026-06-02 18:09:24, MOVE, v:1, k:ed@treinando, mode:EDIT
2026-06-02 18:14:08, EXEC, v:1, k:ed@treinando, mode:FULL, rate:50, size:106
2026-06-02 18:15:44, MOVE, v:1, k:ed@treinando, mode:EDIT
2026-06-02 18:14:08, MOVE, v:1, k:ed@treinando, mode:EDIT
2026-06-02 18:22:16, EXEC, v:1, k:ed@treinando, mode:FULL, rate:66, size:109
2026-06-02 18:23:13, EXEC, v:1, k:ed@treinando, mode:FULL, rate:66, size:112
2026-06-02 18:23:13, MOVE, v:1, k:ed@treinando, mode:EDIT
2026-06-02 18:25:46, MOVE, v:1, k:ed@treinando, mode:EDIT
2026-06-02 18:30:41, MOVE, v:1, k:ed@treinando, mode:EDIT
2026-06-02 18:31:09, EXEC, v:1, k:ed@treinando, mode:FULL, size:134, fail:COMP
2026-06-02 18:31:33, EXEC, v:1, k:ed@treinando, mode:FULL, rate:83, size:133
2026-06-02 18:32:55, EXEC, v:1, k:ed@treinando, mode:FULL, rate:100, size:133
2026-06-02 18:33:00, MOVE, v:1, k:ed@treinando, mode:BACK
2026-06-02 18:33:57, SELF, v:1, k:ed@treinando, self:1, rate:100, study:40, problem:1
2026-06-02 18:35:36, MOVE, v:1, k:ed@fractais_png, mode:PICK
2026-06-02 18:35:37, EXEC, v:1, k:ed@fractais_png, mode:LOCK, rate:0, size:5
2026-06-02 18:35:50, MOVE, v:1, k:ed@fractais_png, mode:BACK
2026-06-02 18:36:57, MOVE, v:1, k:ed@fractais_png, mode:DOWN
2026-06-02 18:36:58, MOVE, v:1, k:ed@fractais_png, mode:DOWN
2026-06-02 18:36:59, MOVE, v:1, k:ed@fractais_png, mode:DOWN
2026-06-02 18:37:02, MOVE, v:1, k:ed@fractais_png, mode:DOWN
2026-06-02 18:37:03, MOVE, v:1, k:ed@fractais_png, mode:DOWN
2026-06-02 18:37:03, MOVE, v:1, k:ed@fractais_png, mode:DOWN
2026-06-02 18:37:03, MOVE, v:1, k:ed@fractais_png, mode:DOWN
2026-06-02 18:37:10, MOVE, v:1, k:ed@fractais_png, mode:DOWN
2026-06-02 18:37:13, MOVE, v:1, k:ed@fractais_png, mode:DOWN
2026-06-02 18:37:14, MOVE, v:1, k:ed@fractais_png, mode:DOWN
2026-06-02 18:37:14, MOVE, v:1, k:ed@fractais_png, mode:DOWN
2026-06-02 18:37:14, MOVE, v:1, k:ed@fractais_png, mode:DOWN
2026-06-02 18:37:23, MOVE, v:1, k:ed@fractais_png, mode:DOWN
2026-06-02 18:37:23, MOVE, v:1, k:ed@fractais_png, mode:DOWN
2026-06-02 18:37:24, MOVE, v:1, k:ed@fractais_png, mode:DOWN
2026-06-02 18:37:24, MOVE, v:1, k:ed@fractais_png, mode:DOWN
2026-06-02 18:37:24, MOVE, v:1, k:ed@fractais_png, mode:DOWN
2026-06-02 18:37:24, MOVE, v:1, k:ed@fractais_png, mode:DOWN
2026-06-02 18:37:40, MOVE, v:1, k:ed@fractais_png, mode:DOWN
2026-06-02 18:37:42, MOVE, v:1, k:ed@fractais_png, mode:DOWN
2026-06-02 18:37:42, MOVE, v:1, k:ed@fractais_png, mode:DOWN
2026-06-02 18:37:43, MOVE, v:1, k:ed@fractais_png, mode:DOWN
2026-06-02 18:37:43, MOVE, v:1, k:ed@fractais_png, mode:DOWN
2026-06-02 18:37:43, MOVE, v:1, k:ed@fractais_png, mode:DOWN
2026-06-02 18:37:44, MOVE, v:1, k:ed@fractais_png, mode:DOWN
2026-06-02 18:37:44, MOVE, v:1, k:ed@fractais_png, mode:DOWN
2026-06-02 18:37:45, MOVE, v:1, k:ed@fractais_png, mode:DOWN
2026-06-02 18:37:45, MOVE, v:1, k:ed@fractais_png, mode:DOWN
2026-06-02 18:37:45, MOVE, v:1, k:ed@fractais_png, mode:DOWN
2026-06-02 18:37:45, MOVE, v:1, k:ed@fractais_png, mode:DOWN
2026-06-02 18:37:45, MOVE, v:1, k:ed@fractais_png, mode:DOWN
2026-06-02 18:37:45, MOVE, v:1, k:ed@fractais_png, mode:DOWN
2026-06-02 18:37:46, MOVE, v:1, k:ed@fractais_png, mode:DOWN
2026-06-02 18:37:46, MOVE, v:1, k:ed@fractais_png, mode:DOWN
2026-06-02 18:37:47, MOVE, v:1, k:ed@fractais_png, mode:DOWN
2026-06-02 18:37:48, MOVE, v:1, k:ed@eh_primo, mode:PICK
2026-06-02 18:37:50, MOVE, v:1, k:ed@eh_primo, mode:BACK
2026-06-02 18:38:27, MOVE, v:1, k:ed@fractais_png, mode:DOWN
2026-06-02 18:38:28, MOVE, v:1, k:ed@fractais_png, mode:DOWN
2026-06-02 18:38:52, MOVE, v:1, k:ed@fractais_png, mode:DOWN
2026-06-02 18:38:53, MOVE, v:1, k:ed@fractais_png, mode:DOWN
2026-06-02 18:38:54, MOVE, v:1, k:ed@fractais_png, mode:DOWN
2026-06-02 18:38:54, MOVE, v:1, k:ed@fractais_png, mode:DOWN
2026-06-02 18:38:54, MOVE, v:1, k:ed@fractais_png, mode:DOWN
2026-06-02 18:38:54, MOVE, v:1, k:ed@fractais_png, mode:DOWN
2026-06-02 18:38:55, MOVE, v:1, k:ed@fractais_png, mode:DOWN
2026-06-02 18:38:56, MOVE, v:1, k:ed@fractais_png, mode:DOWN
2026-06-02 18:38:59, MOVE, v:1, k:ed@fractais_png, mode:DOWN
2026-06-02 18:38:59, MOVE, v:1, k:ed@fractais_png, mode:DOWN
2026-06-02 18:39:00, MOVE, v:1, k:ed@fractais_png, mode:DOWN
2026-06-02 18:39:00, MOVE, v:1, k:ed@fractais_png, mode:DOWN
2026-06-02 18:39:00, MOVE, v:1, k:ed@fractais_png, mode:DOWN
2026-06-02 18:39:00, MOVE, v:1, k:ed@fractais_png, mode:DOWN
2026-06-02 18:39:00, MOVE, v:1, k:ed@fractais_png, mode:DOWN
2026-06-02 18:39:00, MOVE, v:1, k:ed@fractais_png, mode:DOWN
2026-06-02 18:39:00, MOVE, v:1, k:ed@fractais_png, mode:DOWN
2026-06-02 18:39:22, MOVE, v:1, k:ed@fractais_png, mode:DOWN
2026-06-02 18:39:22, MOVE, v:1, k:ed@fractais_png, mode:DOWN
2026-06-02 18:39:23, MOVE, v:1, k:ed@fractais_png, mode:DOWN
2026-06-02 18:39:23, MOVE, v:1, k:ed@fractais_png, mode:DOWN
2026-06-02 18:40:03, MOVE, v:1, k:ed@fractais_png, mode:DOWN
2026-06-02 18:40:07, MOVE, v:1, k:ed@fractais_png, mode:DOWN
2026-06-02 18:40:08, MOVE, v:1, k:ed@fractais_png, mode:DOWN
2026-06-02 18:40:08, MOVE, v:1, k:ed@fractais_png, mode:DOWN
2026-06-02 18:40:08, MOVE, v:1, k:ed@fractais_png, mode:DOWN
2026-06-02 18:40:08, MOVE, v:1, k:ed@fractais_png, mode:DOWN
2026-06-02 18:40:09, MOVE, v:1, k:ed@fractais_png, mode:DOWN
2026-06-02 18:40:09, MOVE, v:1, k:ed@fractais_png, mode:DOWN
2026-06-02 18:43:19, MOVE, v:1, k:ed@fractais_png, mode:DOWN
2026-06-02 18:43:27, MOVE, v:1, k:ed@fractais_png, mode:DOWN
2026-06-02 18:43:28, MOVE, v:1, k:ed@fractais_png, mode:DOWN
2026-06-02 18:43:29, MOVE, v:1, k:ed@fractais_png, mode:DOWN
2026-06-02 18:43:30, MOVE, v:1, k:ed@fractais_png, mode:DOWN
2026-06-02 18:43:30, MOVE, v:1, k:ed@fractais_png, mode:DOWN
2026-06-02 18:43:30, MOVE, v:1, k:ed@fractais_png, mode:DOWN
2026-06-02 18:43:30, MOVE, v:1, k:ed@fractais_png, mode:DOWN
2026-06-02 18:44:06, MOVE, v:1, k:ed@resto, mode:DOWN
2026-06-02 18:44:07, MOVE, v:1, k:ed@fractais_png, mode:PICK
2026-06-02 18:43:30, MOVE, v:1, k:ed@fractais_png, mode:EDIT
2026-06-02 18:44:06, MOVE, v:1, k:ed@resto, mode:EDIT
2026-06-02 18:44:06, MOVE, v:1, k:ed@resto, mode:EDIT
2026-06-02 19:03:06, MOVE, v:1, k:ed@resto, mode:EDIT
2026-06-02 19:05:38, EXEC, v:1, k:ed@fractais_png, mode:FULL, rate:100, size:24
2026-06-02 19:05:32, MOVE, v:1, k:ed@resto, mode:EDIT
2026-06-02 19:05:37, MOVE, v:1, k:ed@resto, mode:EDIT
2026-06-02 19:08:46, MOVE, v:1, k:ed@fractais_png, mode:BACK
2026-06-02 19:09:23, SELF, v:1, k:ed@resto, self:1, rate:100, study:10, concept:1
2026-06-02 19:10:45, MOVE, v:1, k:ed@fractais_png, mode:PICK
2026-06-02 19:10:50, MOVE, v:1, k:ed@fractais_png, mode:BACK
2026-06-02 19:11:01, MOVE, v:1, k:ed@mdc, mode:DOWN
2026-06-02 19:11:02, MOVE, v:1, k:ed@fractais_png, mode:PICK
2026-06-02 19:11:01, MOVE, v:1, k:ed@mdc, mode:EDIT
2026-06-02 19:11:01, MOVE, v:1, k:ed@mdc, mode:EDIT
2026-06-02 19:18:15, EXEC, v:1, k:ed@fractais_png, mode:FULL, rate:100, size:25
2026-06-02 19:18:50, MOVE, v:1, k:ed@fractais_png, mode:BACK
2026-06-02 19:18:04, MOVE, v:1, k:ed@mdc, mode:EDIT
2026-06-02 19:18:15, MOVE, v:1, k:ed@mdc, mode:EDIT
2026-06-02 19:19:06, SELF, v:1, k:ed@mdc, self:1, rate:100, study:10, concept:1
2026-06-02 19:19:51, SELF, v:1, k:ed@mdc, self:1, rate:100, study:2, concept:1
2026-06-02 19:20:03, SELF, v:1, k:ed@resto, self:1, rate:100, study:11, concept:1
2026-06-02 19:21:14, MOVE, v:1, k:ed@fractais_png, mode:PICK
2026-06-02 19:21:15, EXEC, v:1, k:ed@fractais_png, mode:FULL, rate:25, size:62
2026-06-02 19:21:19, MOVE, v:1, k:ed@fractais_png, mode:BACK
2026-06-02 19:21:20, MOVE, v:1, k:ed@fractais_png, mode:PICK
2026-06-02 19:21:40, MOVE, v:1, k:ed@fractais_png, mode:BACK
2026-06-02 19:22:15, MOVE, v:1, k:ed@subset_sum, mode:DOWN
2026-06-02 19:22:17, MOVE, v:1, k:ed@fractais_png, mode:PICK
2026-06-02 19:21:15, MOVE, v:1, k:ed@wordsearch, mode:EDIT
2026-06-02 19:22:15, MOVE, v:1, k:ed@subset_sum, mode:EDIT
2026-06-02 19:22:15, MOVE, v:1, k:ed@subset_sum, mode:EDIT
2026-06-02 19:22:15, MOVE, v:1, k:ed@subset_sum, mode:EDIT
2026-06-02 20:17:03, MOVE, v:1, k:ed@fractais_png, mode:BACK
